// Jest Snapshot v1, https://goo.gl/fbAQLP

exports[`Test button 1`] = `
<button
  className="btn-primary btn-test"
  onClick={[Function]}
>
   
  Just Button
   
</button>
`;
